[2026-04-10 00:00:00] [INFO] Starting cron job: Send Meeting Reminders
[2026-04-10 00:00:00] [INFO] Connecting to MongoDB...
[2026-04-10 00:00:00] [DEBUG] Current Date: 2026-04-10
[2026-04-10 00:00:00] [DEBUG] Current Time: 00:00
[2026-04-10 00:00:00] [DEBUG] Looking for meetings between 00:00 and 00:30
[2026-04-10 00:00:00] [DEBUG] Total scheduled meetings found: 54
[2026-04-10 00:00:00] [INFO] Meetings found for reminders: 0
[2026-04-10 00:00:00] [INFO] No reminders to send
[2026-04-10 00:00:00] [SUMMARY] ==================================================
Job: Send Reminders
Completed: 2026-04-10 00:00:00
Duration: 0.01s
reminders_sent: 0
reminders_failed: 0
==================================================
[2026-04-10 00:01:00] [INFO] Starting cron job: Send Meeting Reminders
[2026-04-10 00:01:00] [INFO] Connecting to MongoDB...
[2026-04-10 00:01:00] [DEBUG] Current Date: 2026-04-10
[2026-04-10 00:01:00] [DEBUG] Current Time: 00:01
[2026-04-10 00:01:00] [DEBUG] Looking for meetings between 00:01 and 00:31
[2026-04-10 00:01:00] [DEBUG] Total scheduled meetings found: 54
[2026-04-10 00:01:00] [INFO] Meetings found for reminders: 0
[2026-04-10 00:01:00] [INFO] No reminders to send
[2026-04-10 00:01:00] [SUMMARY] ==================================================
Job: Send Reminders
Completed: 2026-04-10 00:01:00
Duration: 0s
reminders_sent: 0
reminders_failed: 0
==================================================
[2026-04-10 00:02:00] [INFO] Starting cron job: Send Meeting Reminders
[2026-04-10 00:02:00] [INFO] Connecting to MongoDB...
[2026-04-10 00:02:00] [DEBUG] Current Date: 2026-04-10
[2026-04-10 00:02:00] [DEBUG] Current Time: 00:02
[2026-04-10 00:02:00] [DEBUG] Looking for meetings between 00:02 and 00:32
[2026-04-10 00:02:00] [DEBUG] Total scheduled meetings found: 54
[2026-04-10 00:02:00] [INFO] Meetings found for reminders: 0
[2026-04-10 00:02:00] [INFO] No reminders to send
[2026-04-10 00:02:00] [SUMMARY] ==================================================
Job: Send Reminders
Completed: 2026-04-10 00:02:00
Duration: 0s
reminders_sent: 0
reminders_failed: 0
==================================================
[2026-04-10 00:03:00] [INFO] Starting cron job: Send Meeting Reminders
[2026-04-10 00:03:00] [INFO] Connecting to MongoDB...
[2026-04-10 00:03:00] [DEBUG] Current Date: 2026-04-10
[2026-04-10 00:03:00] [DEBUG] Current Time: 00:03
[2026-04-10 00:03:00] [DEBUG] Looking for meetings between 00:03 and 00:33
[2026-04-10 00:03:00] [DEBUG] Total scheduled meetings found: 54
[2026-04-10 00:03:00] [INFO] Meetings found for reminders: 0
[2026-04-10 00:03:00] [INFO] No reminders to send
[2026-04-10 00:03:00] [SUMMARY] ==================================================
Job: Send Reminders
Completed: 2026-04-10 00:03:00
Duration: 0s
reminders_sent: 0
reminders_failed: 0
==================================================
[2026-04-10 00:04:00] [INFO] Starting cron job: Send Meeting Reminders
[2026-04-10 00:04:00] [INFO] Connecting to MongoDB...
[2026-04-10 00:04:00] [DEBUG] Current Date: 2026-04-10
[2026-04-10 00:04:00] [DEBUG] Current Time: 00:04
[2026-04-10 00:04:00] [DEBUG] Looking for meetings between 00:04 and 00:34
[2026-04-10 00:04:00] [DEBUG] Total scheduled meetings found: 54
[2026-04-10 00:04:00] [INFO] Meetings found for reminders: 0
[2026-04-10 00:04:00] [INFO] No reminders to send
[2026-04-10 00:04:00] [SUMMARY] ==================================================
Job: Send Reminders
Completed: 2026-04-10 00:04:00
Duration: 0s
reminders_sent: 0
reminders_failed: 0
==================================================
[2026-04-10 00:05:00] [INFO] Starting cron job: Send Meeting Reminders
[2026-04-10 00:05:00] [INFO] Connecting to MongoDB...
[2026-04-10 00:05:00] [DEBUG] Current Date: 2026-04-10
[2026-04-10 00:05:00] [DEBUG] Current Time: 00:05
[2026-04-10 00:05:00] [DEBUG] Looking for meetings between 00:05 and 00:35
[2026-04-10 00:05:00] [DEBUG] Total scheduled meetings found: 54
[2026-04-10 00:05:00] [INFO] Meetings found for reminders: 0
[2026-04-10 00:05:00] [INFO] No reminders to send
[2026-04-10 00:05:00] [SUMMARY] ==================================================
Job: Send Reminders
Completed: 2026-04-10 00:05:00
Duration: 0s
reminders_sent: 0
reminders_failed: 0
==================================================
[2026-04-10 00:06:00] [INFO] Starting cron job: Send Meeting Reminders
[2026-04-10 00:06:00] [INFO] Connecting to MongoDB...
[2026-04-10 00:06:00] [DEBUG] Current Date: 2026-04-10
[2026-04-10 00:06:00] [DEBUG] Current Time: 00:06
[2026-04-10 00:06:00] [DEBUG] Looking for meetings between 00:06 and 00:36
[2026-04-10 00:06:00] [DEBUG] Total scheduled meetings found: 54
[2026-04-10 00:06:00] [INFO] Meetings found for reminders: 0
[2026-04-10 00:06:00] [INFO] No reminders to send
[2026-04-10 00:06:00] [SUMMARY] ==================================================
Job: Send Reminders
Completed: 2026-04-10 00:06:00
Duration: 0s
reminders_sent: 0
reminders_failed: 0
==================================================
[2026-04-10 00:07:00] [INFO] Starting cron job: Send Meeting Reminders
[2026-04-10 00:07:00] [INFO] Connecting to MongoDB...
[2026-04-10 00:07:00] [DEBUG] Current Date: 2026-04-10
[2026-04-10 00:07:00] [DEBUG] Current Time: 00:07
[2026-04-10 00:07:00] [DEBUG] Looking for meetings between 00:07 and 00:37
[2026-04-10 00:07:00] [DEBUG] Total scheduled meetings found: 54
[2026-04-10 00:07:00] [INFO] Meetings found for reminders: 0
[2026-04-10 00:07:00] [INFO] No reminders to send
[2026-04-10 00:07:00] [SUMMARY] ==================================================
Job: Send Reminders
Completed: 2026-04-10 00:07:00
Duration: 0s
reminders_sent: 0
reminders_failed: 0
==================================================
[2026-04-10 00:08:00] [INFO] Starting cron job: Send Meeting Reminders
[2026-04-10 00:08:00] [INFO] Connecting to MongoDB...
[2026-04-10 00:08:00] [DEBUG] Current Date: 2026-04-10
[2026-04-10 00:08:00] [DEBUG] Current Time: 00:08
[2026-04-10 00:08:00] [DEBUG] Looking for meetings between 00:08 and 00:38
[2026-04-10 00:08:00] [DEBUG] Total scheduled meetings found: 54
[2026-04-10 00:08:00] [INFO] Meetings found for reminders: 0
[2026-04-10 00:08:00] [INFO] No reminders to send
[2026-04-10 00:08:00] [SUMMARY] ==================================================
Job: Send Reminders
Completed: 2026-04-10 00:08:00
Duration: 0s
reminders_sent: 0
reminders_failed: 0
==================================================
[2026-04-10 00:09:00] [INFO] Starting cron job: Send Meeting Reminders
[2026-04-10 00:09:00] [INFO] Connecting to MongoDB...
[2026-04-10 00:09:00] [DEBUG] Current Date: 2026-04-10
[2026-04-10 00:09:00] [DEBUG] Current Time: 00:09
[2026-04-10 00:09:00] [DEBUG] Looking for meetings between 00:09 and 00:39
[2026-04-10 00:09:00] [DEBUG] Total scheduled meetings found: 54
[2026-04-10 00:09:00] [INFO] Meetings found for reminders: 0
[2026-04-10 00:09:00] [INFO] No reminders to send
[2026-04-10 00:09:00] [SUMMARY] ==================================================
Job: Send Reminders
Completed: 2026-04-10 00:09:00
Duration: 0s
reminders_sent: 0
reminders_failed: 0
==================================================
[2026-04-10 00:10:00] [INFO] Starting cron job: Send Meeting Reminders
[2026-04-10 00:10:00] [INFO] Connecting to MongoDB...
[2026-04-10 00:10:00] [DEBUG] Current Date: 2026-04-10
[2026-04-10 00:10:00] [DEBUG] Current Time: 00:10
[2026-04-10 00:10:00] [DEBUG] Looking for meetings between 00:10 and 00:40
[2026-04-10 00:10:00] [DEBUG] Total scheduled meetings found: 54
[2026-04-10 00:10:00] [INFO] Meetings found for reminders: 0
[2026-04-10 00:10:00] [INFO] No reminders to send
[2026-04-10 00:10:00] [SUMMARY] ==================================================
Job: Send Reminders
Completed: 2026-04-10 00:10:00
Duration: 0s
reminders_sent: 0
reminders_failed: 0
==================================================
[2026-04-10 00:11:00] [INFO] Starting cron job: Send Meeting Reminders
[2026-04-10 00:11:00] [INFO] Connecting to MongoDB...
[2026-04-10 00:11:00] [DEBUG] Current Date: 2026-04-10
[2026-04-10 00:11:00] [DEBUG] Current Time: 00:11
[2026-04-10 00:11:00] [DEBUG] Looking for meetings between 00:11 and 00:41
[2026-04-10 00:11:00] [DEBUG] Total scheduled meetings found: 54
[2026-04-10 00:11:00] [INFO] Meetings found for reminders: 0
[2026-04-10 00:11:00] [INFO] No reminders to send
[2026-04-10 00:11:00] [SUMMARY] ==================================================
Job: Send Reminders
Completed: 2026-04-10 00:11:00
Duration: 0.01s
reminders_sent: 0
reminders_failed: 0
==================================================
[2026-04-10 00:12:00] [INFO] Starting cron job: Send Meeting Reminders
[2026-04-10 00:12:00] [INFO] Connecting to MongoDB...
[2026-04-10 00:12:00] [DEBUG] Current Date: 2026-04-10
[2026-04-10 00:12:00] [DEBUG] Current Time: 00:12
[2026-04-10 00:12:00] [DEBUG] Looking for meetings between 00:12 and 00:42
[2026-04-10 00:12:00] [DEBUG] Total scheduled meetings found: 54
[2026-04-10 00:12:00] [INFO] Meetings found for reminders: 0
[2026-04-10 00:12:00] [INFO] No reminders to send
[2026-04-10 00:12:00] [SUMMARY] ==================================================
Job: Send Reminders
Completed: 2026-04-10 00:12:00
Duration: 0s
reminders_sent: 0
reminders_failed: 0
==================================================
[2026-04-10 00:13:00] [INFO] Starting cron job: Send Meeting Reminders
[2026-04-10 00:13:00] [INFO] Connecting to MongoDB...
[2026-04-10 00:13:00] [DEBUG] Current Date: 2026-04-10
[2026-04-10 00:13:00] [DEBUG] Current Time: 00:13
[2026-04-10 00:13:00] [DEBUG] Looking for meetings between 00:13 and 00:43
[2026-04-10 00:13:00] [DEBUG] Total scheduled meetings found: 54
[2026-04-10 00:13:00] [INFO] Meetings found for reminders: 0
[2026-04-10 00:13:00] [INFO] No reminders to send
[2026-04-10 00:13:00] [SUMMARY] ==================================================
Job: Send Reminders
Completed: 2026-04-10 00:13:00
Duration: 0s
reminders_sent: 0
reminders_failed: 0
==================================================
[2026-04-10 00:14:00] [INFO] Starting cron job: Send Meeting Reminders
[2026-04-10 00:14:00] [INFO] Connecting to MongoDB...
[2026-04-10 00:14:00] [DEBUG] Current Date: 2026-04-10
[2026-04-10 00:14:00] [DEBUG] Current Time: 00:14
[2026-04-10 00:14:00] [DEBUG] Looking for meetings between 00:14 and 00:44
[2026-04-10 00:14:00] [DEBUG] Total scheduled meetings found: 54
[2026-04-10 00:14:00] [INFO] Meetings found for reminders: 0
[2026-04-10 00:14:00] [INFO] No reminders to send
[2026-04-10 00:14:00] [SUMMARY] ==================================================
Job: Send Reminders
Completed: 2026-04-10 00:14:00
Duration: 0s
reminders_sent: 0
reminders_failed: 0
==================================================
