[2026-04-09 20:24:26] [INFO] Starting cron job: Send Meeting Reminders
[2026-04-09 20:27:19] [INFO] Starting cron job: Send Meeting Reminders
[2026-04-09 20:57:16] [INFO] Starting cron job: Send Meeting Reminders
[2026-04-09 21:27:15] [INFO] Starting cron job: Send Meeting Reminders
[2026-04-09 21:57:15] [INFO] Starting cron job: Send Meeting Reminders
[2026-04-09 22:03:58] [INFO] Starting cron job: Send Meeting Reminders
[2026-04-09 22:04:40] [INFO] Starting cron job: Send Meeting Reminders
[2026-04-09 22:05:13] [INFO] Starting cron job: Send Meeting Reminders
[2026-04-09 22:06:40] [INFO] Starting cron job: Send Meeting Reminders
[2026-04-09 22:07:19] [INFO] Starting cron job: Send Meeting Reminders
[2026-04-09 22:12:44] [INFO] Starting cron job: Send Meeting Reminders
[2026-04-09 22:12:44] [INFO] Connecting to MongoDB...
[2026-04-09 22:12:44] [DEBUG] Current Date: 2026-04-09
[2026-04-09 22:12:44] [DEBUG] Current Time: 22:12
[2026-04-09 22:12:44] [DEBUG] Looking for meetings between 22:12 and 22:42
[2026-04-09 22:12:44] [DEBUG] Total scheduled meetings found: 54
[2026-04-09 22:12:44] [INFO] Meetings found for reminders: 1
[2026-04-09 22:12:44] [INFO] Processing meeting: sadsa
[2026-04-09 22:12:44] [DEBUG] Sending reminder to host: vaishnanishruti04@gmail.com
[2026-04-09 22:12:49] [SUCCESS] Reminder email sent to host
[2026-04-09 22:12:49] [DEBUG] Marked as sent in database
[2026-04-09 22:12:49] [SUMMARY] ==================================================
Job: Send Reminders
Completed: 2026-04-09 22:12:49
Duration: 4.84s
reminders_sent: 1
reminders_failed: 0
total_meetings_processed: 1
==================================================
[2026-04-09 22:18:45] [INFO] Starting cron job: Send Meeting Reminders
[2026-04-09 22:27:15] [INFO] Starting cron job: Send Meeting Reminders
[2026-04-09 22:48:01] [INFO] Starting cron job: Send Meeting Reminders
[2026-04-09 22:52:29] [INFO] Starting cron job: Send Meeting Reminders
[2026-04-09 22:52:29] [INFO] Connecting to MongoDB...
[2026-04-09 22:52:29] [DEBUG] Current Date: 2026-04-09
[2026-04-09 22:52:29] [DEBUG] Current Time: 22:52
[2026-04-09 22:52:29] [DEBUG] Looking for meetings between 22:52 and 23:22
[2026-04-09 22:52:29] [DEBUG] Total scheduled meetings found: 54
[2026-04-09 22:52:29] [INFO] Meetings found for reminders: 1
[2026-04-09 22:52:29] [INFO] Processing meeting: fafsef
[2026-04-09 22:52:29] [DEBUG] Sending reminder to host: vaishnanishruti04@gmail.com
[2026-04-09 22:52:32] [SUCCESS] Reminder email sent to host
[2026-04-09 22:52:36] [SUCCESS] Reminder emails sent to 1 attendee(s)
[2026-04-09 22:52:36] [DEBUG] Marked as sent in database
[2026-04-09 22:52:36] [SUMMARY] ==================================================
Job: Send Reminders
Completed: 2026-04-09 22:52:36
Duration: 7.28s
reminders_sent: 1
reminders_failed: 0
total_meetings_processed: 1
==================================================
[2026-04-09 22:55:40] [INFO] Starting cron job: Send Meeting Reminders
[2026-04-09 22:57:15] [INFO] Starting cron job: Send Meeting Reminders
[2026-04-09 23:00:06] [INFO] Starting cron job: Send Meeting Reminders
[2026-04-09 23:00:06] [INFO] Connecting to MongoDB...
[2026-04-09 23:00:06] [DEBUG] Current Date: 2026-04-09
[2026-04-09 23:00:06] [DEBUG] Current Time: 23:00
[2026-04-09 23:00:06] [DEBUG] Looking for meetings between 23:00 and 23:30
[2026-04-09 23:00:06] [DEBUG] Total scheduled meetings found: 53
[2026-04-09 23:00:06] [INFO] Meetings found for reminders: 0
[2026-04-09 23:00:06] [INFO] No reminders to send
[2026-04-09 23:00:06] [SUMMARY] ==================================================
Job: Send Reminders
Completed: 2026-04-09 23:00:06
Duration: 0.01s
reminders_sent: 0
reminders_failed: 0
==================================================
[2026-04-09 23:26:00] [INFO] Starting cron job: Send Meeting Reminders
[2026-04-09 23:26:00] [INFO] Connecting to MongoDB...
[2026-04-09 23:26:00] [DEBUG] Current Date: 2026-04-09
[2026-04-09 23:26:00] [DEBUG] Current Time: 23:26
[2026-04-09 23:26:00] [DEBUG] Looking for meetings between 23:26 and 23:56
[2026-04-09 23:26:00] [DEBUG] Total scheduled meetings found: 55
[2026-04-09 23:26:00] [INFO] Meetings found for reminders: 1
[2026-04-09 23:26:00] [INFO] Processing meeting: sacascacsa
[2026-04-09 23:26:00] [DEBUG] Sending reminder to host: vaishnanishruti04@gmail.com
[2026-04-09 23:26:04] [SUCCESS] Reminder email sent to host
[2026-04-09 23:26:07] [SUCCESS] Reminder emails sent to 1 attendee(s)
[2026-04-09 23:26:07] [DEBUG] Marked as sent in database
[2026-04-09 23:26:07] [SUMMARY] ==================================================
Job: Send Reminders
Completed: 2026-04-09 23:26:07
Duration: 7.08s
reminders_sent: 1
reminders_failed: 0
total_meetings_processed: 1
==================================================
[2026-04-09 23:27:00] [INFO] Starting cron job: Send Meeting Reminders
[2026-04-09 23:27:00] [INFO] Connecting to MongoDB...
[2026-04-09 23:27:00] [DEBUG] Current Date: 2026-04-09
[2026-04-09 23:27:00] [DEBUG] Current Time: 23:27
[2026-04-09 23:27:00] [DEBUG] Looking for meetings between 23:27 and 23:57
[2026-04-09 23:27:00] [DEBUG] Total scheduled meetings found: 54
[2026-04-09 23:27:00] [INFO] Meetings found for reminders: 0
[2026-04-09 23:27:00] [INFO] No reminders to send
[2026-04-09 23:27:00] [SUMMARY] ==================================================
Job: Send Reminders
Completed: 2026-04-09 23:27:00
Duration: 0.27s
reminders_sent: 0
reminders_failed: 0
==================================================
[2026-04-09 23:28:00] [INFO] Starting cron job: Send Meeting Reminders
[2026-04-09 23:28:00] [INFO] Connecting to MongoDB...
[2026-04-09 23:28:00] [DEBUG] Current Date: 2026-04-09
[2026-04-09 23:28:00] [DEBUG] Current Time: 23:28
[2026-04-09 23:28:00] [DEBUG] Looking for meetings between 23:28 and 23:58
[2026-04-09 23:28:00] [DEBUG] Total scheduled meetings found: 54
[2026-04-09 23:28:00] [INFO] Meetings found for reminders: 0
[2026-04-09 23:28:00] [INFO] No reminders to send
[2026-04-09 23:28:00] [SUMMARY] ==================================================
Job: Send Reminders
Completed: 2026-04-09 23:28:00
Duration: 0.01s
reminders_sent: 0
reminders_failed: 0
==================================================
[2026-04-09 23:29:00] [INFO] Starting cron job: Send Meeting Reminders
[2026-04-09 23:29:00] [INFO] Connecting to MongoDB...
[2026-04-09 23:29:00] [DEBUG] Current Date: 2026-04-09
[2026-04-09 23:29:00] [DEBUG] Current Time: 23:29
[2026-04-09 23:29:00] [DEBUG] Looking for meetings between 23:29 and 23:59
[2026-04-09 23:29:00] [DEBUG] Total scheduled meetings found: 54
[2026-04-09 23:29:00] [INFO] Meetings found for reminders: 0
[2026-04-09 23:29:00] [INFO] No reminders to send
[2026-04-09 23:29:00] [SUMMARY] ==================================================
Job: Send Reminders
Completed: 2026-04-09 23:29:00
Duration: 0s
reminders_sent: 0
reminders_failed: 0
==================================================
[2026-04-09 23:30:00] [INFO] Starting cron job: Send Meeting Reminders
[2026-04-09 23:30:00] [INFO] Connecting to MongoDB...
[2026-04-09 23:30:00] [DEBUG] Current Date: 2026-04-09
[2026-04-09 23:30:00] [DEBUG] Current Time: 23:30
[2026-04-09 23:30:00] [DEBUG] Looking for meetings between 23:30 and 00:00
[2026-04-09 23:30:00] [DEBUG] Total scheduled meetings found: 54
[2026-04-09 23:30:00] [INFO] Meetings found for reminders: 0
[2026-04-09 23:30:00] [INFO] No reminders to send
[2026-04-09 23:30:00] [SUMMARY] ==================================================
Job: Send Reminders
Completed: 2026-04-09 23:30:00
Duration: 0s
reminders_sent: 0
reminders_failed: 0
==================================================
[2026-04-09 23:31:00] [INFO] Starting cron job: Send Meeting Reminders
[2026-04-09 23:31:00] [INFO] Connecting to MongoDB...
[2026-04-09 23:31:00] [DEBUG] Current Date: 2026-04-09
[2026-04-09 23:31:00] [DEBUG] Current Time: 23:31
[2026-04-09 23:31:00] [DEBUG] Looking for meetings between 23:31 and 00:01
[2026-04-09 23:31:00] [DEBUG] Total scheduled meetings found: 54
[2026-04-09 23:31:00] [INFO] Meetings found for reminders: 0
[2026-04-09 23:31:00] [INFO] No reminders to send
[2026-04-09 23:31:00] [SUMMARY] ==================================================
Job: Send Reminders
Completed: 2026-04-09 23:31:00
Duration: 0s
reminders_sent: 0
reminders_failed: 0
==================================================
[2026-04-09 23:32:00] [INFO] Starting cron job: Send Meeting Reminders
[2026-04-09 23:32:00] [INFO] Connecting to MongoDB...
[2026-04-09 23:32:00] [DEBUG] Current Date: 2026-04-09
[2026-04-09 23:32:00] [DEBUG] Current Time: 23:32
[2026-04-09 23:32:00] [DEBUG] Looking for meetings between 23:32 and 00:02
[2026-04-09 23:32:00] [DEBUG] Total scheduled meetings found: 54
[2026-04-09 23:32:00] [INFO] Meetings found for reminders: 0
[2026-04-09 23:32:00] [INFO] No reminders to send
[2026-04-09 23:32:00] [SUMMARY] ==================================================
Job: Send Reminders
Completed: 2026-04-09 23:32:00
Duration: 0s
reminders_sent: 0
reminders_failed: 0
==================================================
[2026-04-09 23:33:00] [INFO] Starting cron job: Send Meeting Reminders
[2026-04-09 23:33:00] [INFO] Connecting to MongoDB...
[2026-04-09 23:33:00] [DEBUG] Current Date: 2026-04-09
[2026-04-09 23:33:00] [DEBUG] Current Time: 23:33
[2026-04-09 23:33:00] [DEBUG] Looking for meetings between 23:33 and 00:03
[2026-04-09 23:33:00] [DEBUG] Total scheduled meetings found: 54
[2026-04-09 23:33:00] [INFO] Meetings found for reminders: 0
[2026-04-09 23:33:00] [INFO] No reminders to send
[2026-04-09 23:33:00] [SUMMARY] ==================================================
Job: Send Reminders
Completed: 2026-04-09 23:33:00
Duration: 0s
reminders_sent: 0
reminders_failed: 0
==================================================
[2026-04-09 23:34:00] [INFO] Starting cron job: Send Meeting Reminders
[2026-04-09 23:34:00] [INFO] Connecting to MongoDB...
[2026-04-09 23:34:00] [DEBUG] Current Date: 2026-04-09
[2026-04-09 23:34:00] [DEBUG] Current Time: 23:34
[2026-04-09 23:34:00] [DEBUG] Looking for meetings between 23:34 and 00:04
[2026-04-09 23:34:00] [DEBUG] Total scheduled meetings found: 54
[2026-04-09 23:34:00] [INFO] Meetings found for reminders: 0
[2026-04-09 23:34:00] [INFO] No reminders to send
[2026-04-09 23:34:00] [SUMMARY] ==================================================
Job: Send Reminders
Completed: 2026-04-09 23:34:00
Duration: 0s
reminders_sent: 0
reminders_failed: 0
==================================================
[2026-04-09 23:35:00] [INFO] Starting cron job: Send Meeting Reminders
[2026-04-09 23:35:00] [INFO] Connecting to MongoDB...
[2026-04-09 23:35:00] [DEBUG] Current Date: 2026-04-09
[2026-04-09 23:35:00] [DEBUG] Current Time: 23:35
[2026-04-09 23:35:00] [DEBUG] Looking for meetings between 23:35 and 00:05
[2026-04-09 23:35:00] [DEBUG] Total scheduled meetings found: 54
[2026-04-09 23:35:00] [INFO] Meetings found for reminders: 0
[2026-04-09 23:35:00] [INFO] No reminders to send
[2026-04-09 23:35:00] [SUMMARY] ==================================================
Job: Send Reminders
Completed: 2026-04-09 23:35:00
Duration: 0s
reminders_sent: 0
reminders_failed: 0
==================================================
[2026-04-09 23:36:00] [INFO] Starting cron job: Send Meeting Reminders
[2026-04-09 23:36:00] [INFO] Connecting to MongoDB...
[2026-04-09 23:36:00] [DEBUG] Current Date: 2026-04-09
[2026-04-09 23:36:00] [DEBUG] Current Time: 23:36
[2026-04-09 23:36:00] [DEBUG] Looking for meetings between 23:36 and 00:06
[2026-04-09 23:36:00] [DEBUG] Total scheduled meetings found: 54
[2026-04-09 23:36:00] [INFO] Meetings found for reminders: 0
[2026-04-09 23:36:00] [INFO] No reminders to send
[2026-04-09 23:36:00] [SUMMARY] ==================================================
Job: Send Reminders
Completed: 2026-04-09 23:36:00
Duration: 0s
reminders_sent: 0
reminders_failed: 0
==================================================
[2026-04-09 23:37:00] [INFO] Starting cron job: Send Meeting Reminders
[2026-04-09 23:37:00] [INFO] Connecting to MongoDB...
[2026-04-09 23:37:00] [DEBUG] Current Date: 2026-04-09
[2026-04-09 23:37:00] [DEBUG] Current Time: 23:37
[2026-04-09 23:37:00] [DEBUG] Looking for meetings between 23:37 and 00:07
[2026-04-09 23:37:00] [DEBUG] Total scheduled meetings found: 54
[2026-04-09 23:37:00] [INFO] Meetings found for reminders: 0
[2026-04-09 23:37:00] [INFO] No reminders to send
[2026-04-09 23:37:00] [SUMMARY] ==================================================
Job: Send Reminders
Completed: 2026-04-09 23:37:00
Duration: 0s
reminders_sent: 0
reminders_failed: 0
==================================================
[2026-04-09 23:38:00] [INFO] Starting cron job: Send Meeting Reminders
[2026-04-09 23:38:00] [INFO] Connecting to MongoDB...
[2026-04-09 23:38:00] [DEBUG] Current Date: 2026-04-09
[2026-04-09 23:38:00] [DEBUG] Current Time: 23:38
[2026-04-09 23:38:00] [DEBUG] Looking for meetings between 23:38 and 00:08
[2026-04-09 23:38:00] [DEBUG] Total scheduled meetings found: 54
[2026-04-09 23:38:00] [INFO] Meetings found for reminders: 0
[2026-04-09 23:38:00] [INFO] No reminders to send
[2026-04-09 23:38:00] [SUMMARY] ==================================================
Job: Send Reminders
Completed: 2026-04-09 23:38:00
Duration: 0s
reminders_sent: 0
reminders_failed: 0
==================================================
[2026-04-09 23:39:00] [INFO] Starting cron job: Send Meeting Reminders
[2026-04-09 23:39:00] [INFO] Connecting to MongoDB...
[2026-04-09 23:39:00] [DEBUG] Current Date: 2026-04-09
[2026-04-09 23:39:00] [DEBUG] Current Time: 23:39
[2026-04-09 23:39:00] [DEBUG] Looking for meetings between 23:39 and 00:09
[2026-04-09 23:39:00] [DEBUG] Total scheduled meetings found: 54
[2026-04-09 23:39:00] [INFO] Meetings found for reminders: 0
[2026-04-09 23:39:00] [INFO] No reminders to send
[2026-04-09 23:39:00] [SUMMARY] ==================================================
Job: Send Reminders
Completed: 2026-04-09 23:39:00
Duration: 0s
reminders_sent: 0
reminders_failed: 0
==================================================
[2026-04-09 23:40:00] [INFO] Starting cron job: Send Meeting Reminders
[2026-04-09 23:40:00] [INFO] Connecting to MongoDB...
[2026-04-09 23:40:00] [DEBUG] Current Date: 2026-04-09
[2026-04-09 23:40:00] [DEBUG] Current Time: 23:40
[2026-04-09 23:40:00] [DEBUG] Looking for meetings between 23:40 and 00:10
[2026-04-09 23:40:00] [DEBUG] Total scheduled meetings found: 54
[2026-04-09 23:40:00] [INFO] Meetings found for reminders: 0
[2026-04-09 23:40:00] [INFO] No reminders to send
[2026-04-09 23:40:00] [SUMMARY] ==================================================
Job: Send Reminders
Completed: 2026-04-09 23:40:00
Duration: 0s
reminders_sent: 0
reminders_failed: 0
==================================================
[2026-04-09 23:41:00] [INFO] Starting cron job: Send Meeting Reminders
[2026-04-09 23:41:00] [INFO] Connecting to MongoDB...
[2026-04-09 23:41:00] [DEBUG] Current Date: 2026-04-09
[2026-04-09 23:41:00] [DEBUG] Current Time: 23:41
[2026-04-09 23:41:00] [DEBUG] Looking for meetings between 23:41 and 00:11
[2026-04-09 23:41:00] [DEBUG] Total scheduled meetings found: 54
[2026-04-09 23:41:00] [INFO] Meetings found for reminders: 0
[2026-04-09 23:41:00] [INFO] No reminders to send
[2026-04-09 23:41:00] [SUMMARY] ==================================================
Job: Send Reminders
Completed: 2026-04-09 23:41:00
Duration: 0s
reminders_sent: 0
reminders_failed: 0
==================================================
[2026-04-09 23:42:00] [INFO] Starting cron job: Send Meeting Reminders
[2026-04-09 23:42:00] [INFO] Connecting to MongoDB...
[2026-04-09 23:42:00] [DEBUG] Current Date: 2026-04-09
[2026-04-09 23:42:00] [DEBUG] Current Time: 23:42
[2026-04-09 23:42:00] [DEBUG] Looking for meetings between 23:42 and 00:12
[2026-04-09 23:42:00] [DEBUG] Total scheduled meetings found: 54
[2026-04-09 23:42:00] [INFO] Meetings found for reminders: 0
[2026-04-09 23:42:00] [INFO] No reminders to send
[2026-04-09 23:42:00] [SUMMARY] ==================================================
Job: Send Reminders
Completed: 2026-04-09 23:42:00
Duration: 0s
reminders_sent: 0
reminders_failed: 0
==================================================
[2026-04-09 23:43:00] [INFO] Starting cron job: Send Meeting Reminders
[2026-04-09 23:43:00] [INFO] Connecting to MongoDB...
[2026-04-09 23:43:00] [DEBUG] Current Date: 2026-04-09
[2026-04-09 23:43:00] [DEBUG] Current Time: 23:43
[2026-04-09 23:43:00] [DEBUG] Looking for meetings between 23:43 and 00:13
[2026-04-09 23:43:00] [DEBUG] Total scheduled meetings found: 54
[2026-04-09 23:43:00] [INFO] Meetings found for reminders: 0
[2026-04-09 23:43:00] [INFO] No reminders to send
[2026-04-09 23:43:00] [SUMMARY] ==================================================
Job: Send Reminders
Completed: 2026-04-09 23:43:00
Duration: 0s
reminders_sent: 0
reminders_failed: 0
==================================================
[2026-04-09 23:44:00] [INFO] Starting cron job: Send Meeting Reminders
[2026-04-09 23:44:00] [INFO] Connecting to MongoDB...
[2026-04-09 23:44:00] [DEBUG] Current Date: 2026-04-09
[2026-04-09 23:44:00] [DEBUG] Current Time: 23:44
[2026-04-09 23:44:00] [DEBUG] Looking for meetings between 23:44 and 00:14
[2026-04-09 23:44:00] [DEBUG] Total scheduled meetings found: 54
[2026-04-09 23:44:00] [INFO] Meetings found for reminders: 0
[2026-04-09 23:44:00] [INFO] No reminders to send
[2026-04-09 23:44:00] [SUMMARY] ==================================================
Job: Send Reminders
Completed: 2026-04-09 23:44:00
Duration: 0s
reminders_sent: 0
reminders_failed: 0
==================================================
[2026-04-09 23:45:00] [INFO] Starting cron job: Send Meeting Reminders
[2026-04-09 23:45:00] [INFO] Connecting to MongoDB...
[2026-04-09 23:45:00] [DEBUG] Current Date: 2026-04-09
[2026-04-09 23:45:00] [DEBUG] Current Time: 23:45
[2026-04-09 23:45:00] [DEBUG] Looking for meetings between 23:45 and 00:15
[2026-04-09 23:45:00] [DEBUG] Total scheduled meetings found: 54
[2026-04-09 23:45:00] [INFO] Meetings found for reminders: 0
[2026-04-09 23:45:00] [INFO] No reminders to send
[2026-04-09 23:45:00] [SUMMARY] ==================================================
Job: Send Reminders
Completed: 2026-04-09 23:45:00
Duration: 0.01s
reminders_sent: 0
reminders_failed: 0
==================================================
[2026-04-09 23:46:00] [INFO] Starting cron job: Send Meeting Reminders
[2026-04-09 23:46:00] [INFO] Connecting to MongoDB...
[2026-04-09 23:46:00] [DEBUG] Current Date: 2026-04-09
[2026-04-09 23:46:00] [DEBUG] Current Time: 23:46
[2026-04-09 23:46:00] [DEBUG] Looking for meetings between 23:46 and 00:16
[2026-04-09 23:46:00] [DEBUG] Total scheduled meetings found: 54
[2026-04-09 23:46:00] [INFO] Meetings found for reminders: 0
[2026-04-09 23:46:00] [INFO] No reminders to send
[2026-04-09 23:46:00] [SUMMARY] ==================================================
Job: Send Reminders
Completed: 2026-04-09 23:46:00
Duration: 0s
reminders_sent: 0
reminders_failed: 0
==================================================
[2026-04-09 23:47:00] [INFO] Starting cron job: Send Meeting Reminders
[2026-04-09 23:47:00] [INFO] Connecting to MongoDB...
[2026-04-09 23:47:00] [DEBUG] Current Date: 2026-04-09
[2026-04-09 23:47:00] [DEBUG] Current Time: 23:47
[2026-04-09 23:47:00] [DEBUG] Looking for meetings between 23:47 and 00:17
[2026-04-09 23:47:00] [DEBUG] Total scheduled meetings found: 54
[2026-04-09 23:47:00] [INFO] Meetings found for reminders: 0
[2026-04-09 23:47:00] [INFO] No reminders to send
[2026-04-09 23:47:00] [SUMMARY] ==================================================
Job: Send Reminders
Completed: 2026-04-09 23:47:00
Duration: 0.01s
reminders_sent: 0
reminders_failed: 0
==================================================
[2026-04-09 23:48:00] [INFO] Starting cron job: Send Meeting Reminders
[2026-04-09 23:48:00] [INFO] Connecting to MongoDB...
[2026-04-09 23:48:00] [DEBUG] Current Date: 2026-04-09
[2026-04-09 23:48:00] [DEBUG] Current Time: 23:48
[2026-04-09 23:48:00] [DEBUG] Looking for meetings between 23:48 and 00:18
[2026-04-09 23:48:00] [DEBUG] Total scheduled meetings found: 54
[2026-04-09 23:48:00] [INFO] Meetings found for reminders: 0
[2026-04-09 23:48:00] [INFO] No reminders to send
[2026-04-09 23:48:00] [SUMMARY] ==================================================
Job: Send Reminders
Completed: 2026-04-09 23:48:00
Duration: 0s
reminders_sent: 0
reminders_failed: 0
==================================================
[2026-04-09 23:49:00] [INFO] Starting cron job: Send Meeting Reminders
[2026-04-09 23:49:00] [INFO] Connecting to MongoDB...
[2026-04-09 23:49:00] [DEBUG] Current Date: 2026-04-09
[2026-04-09 23:49:00] [DEBUG] Current Time: 23:49
[2026-04-09 23:49:00] [DEBUG] Looking for meetings between 23:49 and 00:19
[2026-04-09 23:49:00] [DEBUG] Total scheduled meetings found: 54
[2026-04-09 23:49:00] [INFO] Meetings found for reminders: 0
[2026-04-09 23:49:00] [INFO] No reminders to send
[2026-04-09 23:49:00] [SUMMARY] ==================================================
Job: Send Reminders
Completed: 2026-04-09 23:49:00
Duration: 0s
reminders_sent: 0
reminders_failed: 0
==================================================
[2026-04-09 23:50:00] [INFO] Starting cron job: Send Meeting Reminders
[2026-04-09 23:50:00] [INFO] Connecting to MongoDB...
[2026-04-09 23:50:00] [DEBUG] Current Date: 2026-04-09
[2026-04-09 23:50:00] [DEBUG] Current Time: 23:50
[2026-04-09 23:50:00] [DEBUG] Looking for meetings between 23:50 and 00:20
[2026-04-09 23:50:00] [DEBUG] Total scheduled meetings found: 54
[2026-04-09 23:50:00] [INFO] Meetings found for reminders: 0
[2026-04-09 23:50:00] [INFO] No reminders to send
[2026-04-09 23:50:00] [SUMMARY] ==================================================
Job: Send Reminders
Completed: 2026-04-09 23:50:00
Duration: 0s
reminders_sent: 0
reminders_failed: 0
==================================================
[2026-04-09 23:51:00] [INFO] Starting cron job: Send Meeting Reminders
[2026-04-09 23:51:00] [INFO] Connecting to MongoDB...
[2026-04-09 23:51:00] [DEBUG] Current Date: 2026-04-09
[2026-04-09 23:51:00] [DEBUG] Current Time: 23:51
[2026-04-09 23:51:00] [DEBUG] Looking for meetings between 23:51 and 00:21
[2026-04-09 23:51:00] [DEBUG] Total scheduled meetings found: 54
[2026-04-09 23:51:00] [INFO] Meetings found for reminders: 0
[2026-04-09 23:51:00] [INFO] No reminders to send
[2026-04-09 23:51:00] [SUMMARY] ==================================================
Job: Send Reminders
Completed: 2026-04-09 23:51:00
Duration: 0s
reminders_sent: 0
reminders_failed: 0
==================================================
[2026-04-09 23:52:00] [INFO] Starting cron job: Send Meeting Reminders
[2026-04-09 23:52:00] [INFO] Connecting to MongoDB...
[2026-04-09 23:52:00] [DEBUG] Current Date: 2026-04-09
[2026-04-09 23:52:00] [DEBUG] Current Time: 23:52
[2026-04-09 23:52:00] [DEBUG] Looking for meetings between 23:52 and 00:22
[2026-04-09 23:52:00] [DEBUG] Total scheduled meetings found: 54
[2026-04-09 23:52:00] [INFO] Meetings found for reminders: 0
[2026-04-09 23:52:00] [INFO] No reminders to send
[2026-04-09 23:52:00] [SUMMARY] ==================================================
Job: Send Reminders
Completed: 2026-04-09 23:52:00
Duration: 0s
reminders_sent: 0
reminders_failed: 0
==================================================
[2026-04-09 23:53:00] [INFO] Starting cron job: Send Meeting Reminders
[2026-04-09 23:53:00] [INFO] Connecting to MongoDB...
[2026-04-09 23:53:00] [DEBUG] Current Date: 2026-04-09
[2026-04-09 23:53:00] [DEBUG] Current Time: 23:53
[2026-04-09 23:53:00] [DEBUG] Looking for meetings between 23:53 and 00:23
[2026-04-09 23:53:00] [DEBUG] Total scheduled meetings found: 54
[2026-04-09 23:53:00] [INFO] Meetings found for reminders: 0
[2026-04-09 23:53:00] [INFO] No reminders to send
[2026-04-09 23:53:00] [SUMMARY] ==================================================
Job: Send Reminders
Completed: 2026-04-09 23:53:00
Duration: 0s
reminders_sent: 0
reminders_failed: 0
==================================================
[2026-04-09 23:54:00] [INFO] Starting cron job: Send Meeting Reminders
[2026-04-09 23:54:00] [INFO] Connecting to MongoDB...
[2026-04-09 23:54:00] [DEBUG] Current Date: 2026-04-09
[2026-04-09 23:54:00] [DEBUG] Current Time: 23:54
[2026-04-09 23:54:00] [DEBUG] Looking for meetings between 23:54 and 00:24
[2026-04-09 23:54:00] [DEBUG] Total scheduled meetings found: 54
[2026-04-09 23:54:00] [INFO] Meetings found for reminders: 0
[2026-04-09 23:54:00] [INFO] No reminders to send
[2026-04-09 23:54:00] [SUMMARY] ==================================================
Job: Send Reminders
Completed: 2026-04-09 23:54:00
Duration: 0s
reminders_sent: 0
reminders_failed: 0
==================================================
[2026-04-09 23:55:00] [INFO] Starting cron job: Send Meeting Reminders
[2026-04-09 23:55:00] [INFO] Connecting to MongoDB...
[2026-04-09 23:55:00] [DEBUG] Current Date: 2026-04-09
[2026-04-09 23:55:00] [DEBUG] Current Time: 23:55
[2026-04-09 23:55:00] [DEBUG] Looking for meetings between 23:55 and 00:25
[2026-04-09 23:55:00] [DEBUG] Total scheduled meetings found: 54
[2026-04-09 23:55:00] [INFO] Meetings found for reminders: 0
[2026-04-09 23:55:00] [INFO] No reminders to send
[2026-04-09 23:55:00] [SUMMARY] ==================================================
Job: Send Reminders
Completed: 2026-04-09 23:55:00
Duration: 0s
reminders_sent: 0
reminders_failed: 0
==================================================
[2026-04-09 23:56:00] [INFO] Starting cron job: Send Meeting Reminders
[2026-04-09 23:56:00] [INFO] Connecting to MongoDB...
[2026-04-09 23:56:00] [DEBUG] Current Date: 2026-04-09
[2026-04-09 23:56:00] [DEBUG] Current Time: 23:56
[2026-04-09 23:56:00] [DEBUG] Looking for meetings between 23:56 and 00:26
[2026-04-09 23:56:00] [DEBUG] Total scheduled meetings found: 54
[2026-04-09 23:56:00] [INFO] Meetings found for reminders: 0
[2026-04-09 23:56:00] [INFO] No reminders to send
[2026-04-09 23:56:00] [SUMMARY] ==================================================
Job: Send Reminders
Completed: 2026-04-09 23:56:00
Duration: 0s
reminders_sent: 0
reminders_failed: 0
==================================================
[2026-04-09 23:57:00] [INFO] Starting cron job: Send Meeting Reminders
[2026-04-09 23:57:00] [INFO] Connecting to MongoDB...
[2026-04-09 23:57:00] [DEBUG] Current Date: 2026-04-09
[2026-04-09 23:57:00] [DEBUG] Current Time: 23:57
[2026-04-09 23:57:00] [DEBUG] Looking for meetings between 23:57 and 00:27
[2026-04-09 23:57:00] [DEBUG] Total scheduled meetings found: 54
[2026-04-09 23:57:00] [INFO] Meetings found for reminders: 0
[2026-04-09 23:57:00] [INFO] No reminders to send
[2026-04-09 23:57:00] [SUMMARY] ==================================================
Job: Send Reminders
Completed: 2026-04-09 23:57:00
Duration: 0s
reminders_sent: 0
reminders_failed: 0
==================================================
[2026-04-09 23:58:00] [INFO] Starting cron job: Send Meeting Reminders
[2026-04-09 23:58:00] [INFO] Connecting to MongoDB...
[2026-04-09 23:58:00] [DEBUG] Current Date: 2026-04-09
[2026-04-09 23:58:00] [DEBUG] Current Time: 23:58
[2026-04-09 23:58:00] [DEBUG] Looking for meetings between 23:58 and 00:28
[2026-04-09 23:58:00] [DEBUG] Total scheduled meetings found: 54
[2026-04-09 23:58:00] [INFO] Meetings found for reminders: 0
[2026-04-09 23:58:00] [INFO] No reminders to send
[2026-04-09 23:58:00] [SUMMARY] ==================================================
Job: Send Reminders
Completed: 2026-04-09 23:58:00
Duration: 0s
reminders_sent: 0
reminders_failed: 0
==================================================
[2026-04-09 23:59:00] [INFO] Starting cron job: Send Meeting Reminders
[2026-04-09 23:59:00] [INFO] Connecting to MongoDB...
[2026-04-09 23:59:00] [DEBUG] Current Date: 2026-04-09
[2026-04-09 23:59:00] [DEBUG] Current Time: 23:59
[2026-04-09 23:59:00] [DEBUG] Looking for meetings between 23:59 and 00:29
[2026-04-09 23:59:00] [DEBUG] Total scheduled meetings found: 54
[2026-04-09 23:59:00] [INFO] Meetings found for reminders: 0
[2026-04-09 23:59:00] [INFO] No reminders to send
[2026-04-09 23:59:00] [SUMMARY] ==================================================
Job: Send Reminders
Completed: 2026-04-09 23:59:00
Duration: 0s
reminders_sent: 0
reminders_failed: 0
==================================================
